[
  {
    "location": {
      "filePath": "main.bal",
      "startLine": 19,
      "endLine": 19,
      "startColumn": 18,
      "endColumn": 26,
      "startOffset": 711,
      "length": 8
    },
    "rule": {
      "id": "ballerina/log:1",
      "numericId": 1,
      "description": "Potentially-sensitive configurable variables are logged",
      "ruleKind": "VULNERABILITY"
    },
    "source": "BUILT_IN",
    "fileName": "rule1/main.bal",
    "filePath": "/Users/danesh/ballerina-platform/module-ballerina-log/compiler-plugin-tests/src/test/resources/static_code_analyzer/ballerina_packages/rule1/main.bal"
  },
  {
    "location": {
      "filePath": "main.bal",
      "startLine": 20,
      "endLine": 20,
      "startColumn": 36,
      "endColumn": 44,
      "startOffset": 758,
      "length": 8
    },
    "rule": {
      "id": "ballerina/log:1",
      "numericId": 1,
      "description": "Potentially-sensitive configurable variables are logged",
      "ruleKind": "VULNERABILITY"
    },
    "source": "BUILT_IN",
    "fileName": "rule1/main.bal",
    "filePath": "/Users/danesh/ballerina-platform/module-ballerina-log/compiler-plugin-tests/src/test/resources/static_code_analyzer/ballerina_packages/rule1/main.bal"
  },
  {
    "location": {
      "filePath": "main.bal",
      "startLine": 21,
      "endLine": 21,
      "startColumn": 28,
      "endColumn": 36,
      "startOffset": 799,
      "length": 8
    },
    "rule": {
      "id": "ballerina/log:1",
      "numericId": 1,
      "description": "Potentially-sensitive configurable variables are logged",
      "ruleKind": "VULNERABILITY"
    },
    "source": "BUILT_IN",
    "fileName": "rule1/main.bal",
    "filePath": "/Users/danesh/ballerina-platform/module-ballerina-log/compiler-plugin-tests/src/test/resources/static_code_analyzer/ballerina_packages/rule1/main.bal"
  },
  {
    "location": {
      "filePath": "main.bal",
      "startLine": 22,
      "endLine": 22,
      "startColumn": 30,
      "endColumn": 38,
      "startOffset": 842,
      "length": 8
    },
    "rule": {
      "id": "ballerina/log:1",
      "numericId": 1,
      "description": "Potentially-sensitive configurable variables are logged",
      "ruleKind": "VULNERABILITY"
    },
    "source": "BUILT_IN",
    "fileName": "rule1/main.bal",
    "filePath": "/Users/danesh/ballerina-platform/module-ballerina-log/compiler-plugin-tests/src/test/resources/static_code_analyzer/ballerina_packages/rule1/main.bal"
  },
  {
    "location": {
      "filePath": "main.bal",
      "startLine": 23,
      "endLine": 23,
      "startColumn": 40,
      "endColumn": 48,
      "startOffset": 893,
      "length": 8
    },
    "rule": {
      "id": "ballerina/log:1",
      "numericId": 1,
      "description": "Potentially-sensitive configurable variables are logged",
      "ruleKind": "VULNERABILITY"
    },
    "source": "BUILT_IN",
    "fileName": "rule1/main.bal",
    "filePath": "/Users/danesh/ballerina-platform/module-ballerina-log/compiler-plugin-tests/src/test/resources/static_code_analyzer/ballerina_packages/rule1/main.bal"
  },
  {
    "location": {
      "filePath": "main.bal",
      "startLine": 24,
      "endLine": 24,
      "startColumn": 39,
      "endColumn": 47,
      "startOffset": 943,
      "length": 8
    },
    "rule": {
      "id": "ballerina/log:1",
      "numericId": 1,
      "description": "Potentially-sensitive configurable variables are logged",
      "ruleKind": "VULNERABILITY"
    },
    "source": "BUILT_IN",
    "fileName": "rule1/main.bal",
    "filePath": "/Users/danesh/ballerina-platform/module-ballerina-log/compiler-plugin-tests/src/test/resources/static_code_analyzer/ballerina_packages/rule1/main.bal"
  },
  {
    "location": {
      "filePath": "main.bal",
      "startLine": 24,
      "endLine": 24,
      "startColumn": 56,
      "endColumn": 60,
      "startOffset": 960,
      "length": 4
    },
    "rule": {
      "id": "ballerina/log:1",
      "numericId": 1,
      "description": "Potentially-sensitive configurable variables are logged",
      "ruleKind": "VULNERABILITY"
    },
    "source": "BUILT_IN",
    "fileName": "rule1/main.bal",
    "filePath": "/Users/danesh/ballerina-platform/module-ballerina-log/compiler-plugin-tests/src/test/resources/static_code_analyzer/ballerina_packages/rule1/main.bal"
  },
  {
    "location": {
      "filePath": "main.bal",
      "startLine": 25,
      "endLine": 25,
      "startColumn": 19,
      "endColumn": 27,
      "startOffset": 986,
      "length": 8
    },
    "rule": {
      "id": "ballerina/log:1",
      "numericId": 1,
      "description": "Potentially-sensitive configurable variables are logged",
      "ruleKind": "VULNERABILITY"
    },
    "source": "BUILT_IN",
    "fileName": "rule1/main.bal",
    "filePath": "/Users/danesh/ballerina-platform/module-ballerina-log/compiler-plugin-tests/src/test/resources/static_code_analyzer/ballerina_packages/rule1/main.bal"
  },
  {
    "location": {
      "filePath": "main.bal",
      "startLine": 25,
      "endLine": 25,
      "startColumn": 36,
      "endColumn": 40,
      "startOffset": 1003,
      "length": 4
    },
    "rule": {
      "id": "ballerina/log:1",
      "numericId": 1,
      "description": "Potentially-sensitive configurable variables are logged",
      "ruleKind": "VULNERABILITY"
    },
    "source": "BUILT_IN",
    "fileName": "rule1/main.bal",
    "filePath": "/Users/danesh/ballerina-platform/module-ballerina-log/compiler-plugin-tests/src/test/resources/static_code_analyzer/ballerina_packages/rule1/main.bal"
  }
]
